
================================================================================
  🧪 快速测试 - 验证优化后的功能
================================================================================

✓ PromptEnhancer 初始化成功
✓ 模型: deepseek-reasoner

测试提示词: 优化代码
⏳ 正在增强提示词，请稍候...
   (DeepSeek 推理模式需要 30-40 秒)

================================================================================
  增强结果
================================================================================

💭 【模型思考过程】
────────────────────────────────────────────────────────────────────────────────
首先，用户提供了原始提示词："优化代码"。这是一个非常简单的提示，意思是"优化代码"。我需要将它转化为清晰、具体、可执行的增强版本，同时保持原意。

**核心原则回顾：**
1. **保持原意**：不改变原始意图，即优化代码。
2. **简洁实用**：增强后的提示词应简洁、直接、易于执行。
3. **结构清晰**：使用编号列表或分步骤的方式组织。
4. **适度详细**：提供必要的细节，但避免过度冗长。

**增强策略：**
- 将模糊的动词"优化"转化为具体的行动步骤。
- 补充必要的上下文和验证标准。
- 保持语言风格一致：原始提示是中文，所以我应该用中文输出。

**输出要求：**
- 直接输出增强后的提示词，不要添加"增强后："等前缀。
- 长度控制在原始提示词的 3-5 倍以内：原始是"优化代码"（两个词），所以增强后应该不超过 10 个词左右，但因为是步骤，可以稍长，但保持简洁。
- 确保每个步骤都有实际价值。

**分析原始提示：**
- "优化代码"很模糊。优化可以指性能优化、代码结构优化、可读性优化等。我需要假设一个通用场景，或者补充通用步骤，因为用户没有指定具体方面...

（思考过程较长，已截断。完整长度: 1218 字符）
────────────────────────────────────────────────────────────────────────────────

📝 【原始提示词】
优化代码

✨ 【增强后提示词】
────────────────────────────────────────────────────────────────────────────────
优化代码的具体步骤：
1. 分析现有代码，识别性能瓶颈、冗余或复杂部分
2. 重构代码结构，提高可读性、可维护性和效率
3. 运行测试验证功能正确性，确保无回归问题
4. 检查并遵循编码标准和最佳实践
────────────────────────────────────────────────────────────────────────────────

📊 【统计信息】
  • 原始长度: 4 字符
  • 增强后长度: 100 字符
  • 扩展比例: 25.0x
  • 思考过程长度: 1218 字符
  • 处理时间: 30.62 秒

✅ 增强成功
